
> my-portfolio@0.1.0 build
> next build

Ôû▓ Next.js 16.1.6 (Turbopack)

  Creating an optimized production build ...
Ô£ô Compiled successfully in 2.1s
  Running TypeScript ...
Failed to compile.

./src/components/sections/Hero.tsx:24:11
Type error: Type '{ duration: number; ease?: undefined; } | { duration: number; ease: string; }' is not assignable to type 'Transition<any> | undefined'.
  Type '{ duration: number; ease: string; }' is not assignable to type 'Transition<any> | undefined'.
    Type '{ duration: number; ease: string; }' is not assignable to type 'TransitionWithValueOverrides<any>'.
      Type '{ duration: number; ease: string; }' is not assignable to type 'ValueAnimationTransition<any>'.
        Types of property 'ease' are incompatible.
          Type 'string' is not assignable to type 'Easing | Easing[] | undefined'.

  22 |           initial={fadeUp.initial}
  23 |           animate={fadeUp.animate}
> 24 |           transition={defaultTransition}
     |           ^
  25 |           className="space-y-4">
  26 |           <h1 className="text-5xl md:text-7xl lg:text-8xl font-bold tracking-tight text-brand-text">
  27 |             SherloCod3
Next.js build worker exited with code: 1 and signal: null
